---
source: src/ui.rs
assertion_line: 892
expression: "render_lines(&mut app, 90, 24)"
---
 BrokerTUI   no connection  · connections                                    12:34:56 UTC
┌ Connections ───────────────────────────────────────────────────────────────────────────┐
│                                                                                        │
│                ┌ Command palette ─────────────────────────────────────┐                │
│                │› ▏                                                   │                │
│                │▶ Go to: Connections                                  │                │
│                │  Go to: Browser                                      │                │
│                │  Go to: Realtime tails                               │                │
│                │  Go to: Recordings                                   │                │
│                │  Add connection                                      │                │
│                │  Subscribe (pub/sub or stream)…                      │                │
│                │  Monitor commands (MONITOR)                          │                │
│                │  Keyspace events (current db)                        │                │
│                │  Browser: cycle sort column                          │                │
│                │  Browser: toggle sort direction                      │                │
│                │  Browser: group by prefix (toggle)                   │                │
│                │  Browser: collapse/expand all groups                 │                │
│                │  Refresh / toggle recording                          │                │
│                │  Toggle help                                         │                │
│                │  Quit                                                │                │
│                └──────────────────────────────────────────────────────┘                │
│                                                                                        │
└────────────────────────────────────────────────────────────────────────────────────────┘
 palette ▏   ↑↓ select · Enter run · Esc cancel
