---
source: src/ui.rs
expression: "render_lines(&mut app, 90, 20)"
---
 BrokerTUI   prod (db0)  · browser                                           12:34:56 UTC
 db0  match=*  2 keys
┌ Server ────────────────────────────────────────────────────────────────────────────────┐
│Mem ██████████ 1.0 MiB / 4.0 MiB            Hit █████████████████90.0% █████████████    │
│v7.4.0  ·  up 1h 1m 1s  ·  7 clients  ·  120 ops/s  ·  db0=42 db1=7                     │
└────────────────────────────────────────────────────────────────────────────────────────┘
┌ Keys ───────────────────────────────────┐┌ user:1 ─────────────────────────────────────┐
│  Key                  Type    TTL       ││string · Utf8 · showing 5 of 5 bytes         │
│▶ user:1               string  2m 0s     ││                                             │
│  session:abc          hash    2m 0s     ││alice                                        │
│                                         ││                                             │
│                                         ││                                             │
│                                         ││                                             │
│                                         ││                                             │
│                                         ││                                             │
│                                         ││                                             │
│                                         ││                                             │
│                                         ││                                             │
└─────────────────────────────────────────┘└─────────────────────────────────────────────┘
  ↑↓ keys · / filter · [ ] db · t tail · s sub · e console · w watch · : palette · ? help
