---
source: src/ui.rs
expression: "render_lines(&mut app, 90, 20)"
---
┌ Server  ● connected ───────────────────────────────────────────────────────────────────┐
│ prod · 127.0.0.1:6379 · db0                                                            │
└────────────────────────────────────────────────────────────────────────────────────────┘
┌ Keys ──────────────────────────────────────┬ user:1 ───────────────────────────────────┐
│  Key              Type    TTL       Size   │ string · Utf8 · showing 5 of 5 bytes      │
│  ▾ session (1)                             │                                           │
│    abc            hash    2m 0s     128 B  │ alice                                     │
│  ▾ user (1)                                │                                           │
│▶   1              string  2m 0s     128 B  │                                           │
│                                            │                                           │
│                                            │                                           │
│                                            │                                           │
└────────────────────────────────────────────┴───────────────────────────────────────────┘
┌ Details │ Console │ Monitor │ Keyspace │ Pub/Sub │ Tail ───────────────────────────────┐
│                                                                                        │
│Just type a command and press Enter to run. Writes and admin commands are refused.      │
│Try: INFO server · CONFIG GET maxmemory · TYPE mykey · LRANGE mylist 0 -1               │
│❯                                                                                       │
└────────────────────────────────────────────────────────────────────────────────────────┘
 Enter fold · z all · / filter · oO sort · Tab panel · : palette · ? help
