---
source: src/ui.rs
assertion_line: 1103
expression: "render_lines(&mut app, 90, 14)"
---
 Keyhole   prod (db0)  · realtime                                            12:34:56 UTC
 pubsub:orders ●
 live · 6 events                                             ● REC 6 (4.0 KiB) · ⏸ paused
┌ pubsub:orders ─────────────────────────────────────────────────────────────────────────┐
│ 12:34:56.000  orders             event 0                                               │
│ 12:34:56.000  orders             event 1                                               │
│ 12:34:56.000  orders             event 2                                               │
│ 12:34:56.000  orders             event 3                                               │
│                                                                                        │
│                                                                                        │
│                                                                                        │
│                                                                                        │
└────────────────────────────────────────────────────────────────────────────────────────┘
  nav ↑↓ scroll · Tab tab · G follow │ tails s sub · m monitor · r rec · x stop │ go c con
