---
source: src/ui.rs
expression: "render_lines(&mut app, 100, 14)"
---
┌ Connections │ Recordings ────────────────────────────────────────────────────────────────────────┐
│┌ Recordings ──────────────────────────────┐┌ prod-pubsub-orders-20260619-090807.jsonl ──────────┐│
││▶ prod-pubsub…   4.0 KiB  2026-06-19 09:08││ pubsub · prod                                      ││
││                                          ││ 2 records · 4.0 KiB · 2026-06-19 09:08             ││
││                                          ││                                                    ││
││                                          ││ #0    09:08:07.123 orders  first event             ││
││                                          ││ #1    09:08:07.456 orders  second event            ││
││                                          ││                                                    ││
││                                          ││                                                    ││
││                                          ││                                                    ││
││                                          ││                                                    ││
│└──────────────────────────────────────────┘└────────────────────────────────────────────────────┘│
└──────────────────────────────────────────────────────────────────────────────────────────────────┘
 r rename · dd delete · Tab connections · : palette · ? help
