---
source: src/ui.rs
assertion_line: 1058
expression: "render_lines(&mut app, 90, 20)"
---
 Keyhole   prod (db0)  · browser                                             12:34:56 UTC
 db 0 · match * · sort name ↑                                                      2 keys
┌ Server ────────────────────────────────────────────────────────────────────────────────┐
│ Memory ▕████░░░░░░░░░░▏ 1.0 MiB / 4.0 MiB  Hit ▕████████████████████████████░░░▏ 90.0% │
│ v7.4.0 · up 1h 1m 1s · 7 clients · 120 ops/s                  49 keys · db0 42 · db1 7 │
└────────────────────────────────────────────────────────────────────────────────────────┘
┌ Keys ───────────────────────────────────┐┌ user:1 ─────────────────────────────────────┐
│  Key            Type   TTL      Size    ││string · Utf8 · showing 5 of 5 bytes         │
│▶ ▾ session (1)                          ││                                             │
│    session:abc  hash   2m 0s    128 B   ││alice                                        │
│  ▾ user (1)                             ││                                             │
└─────────────────────────────────────────┘└─────────────────────────────────────────────┘
┌ Console — prod (read-only) ────────────────────────────────────────────────────────────┐
│Read-only command console.                                                              │
│                                                                                        │
│Press 'i', type a command, Enter to run. Writes and admin commands are refused.         │
│Try: INFO server · CONFIG GET maxmemory · TYPE mykey · LRANGE mylist 0 -1               │
│❯                                                                                       │
└────────────────────────────────────────────────────────────────────────────────────────┘
  nav ↑↓ keys · [ ] db │ groups ⏎/Space collapse · z all │ view / filter · o sort · O dir
