---
source: src/ui.rs
expression: "render_lines(&mut app, 90, 16)"
---
┌ Connections │ Recordings ──────────────────────────────────────────────────────────────┐
│                                                                                        │
│                                  No saved connections.                                 │
│                   ┌ Settings ──────────────────────────────────────┐                   │
│                   │                                                │                   │
│                   │▶ Theme         ‹ dark ›                        │                   │
│                   │  Animations    ‹ on ›                          │                   │
│                   │  AMQP peek mode‹ browse ›                      │                   │
│                   │                                                │                   │
│                   │  ↑/↓ row · ←/→ change · Enter/Esc close        │                   │
│                   │                                                │                   │
│                   └────────────────────────────────────────────────┘                   │
│                                                                                        │
│                                                                                        │
└────────────────────────────────────────────────────────────────────────────────────────┘
 ↑↓ move · Enter connect · a add · Tab recordings · : palette · ? help · Esc Esc quit
