---
source: src/ui.rs
expression: "render_lines(&mut app, 90, 24)"
---
┌ Server  ● connected ───────────────────────────────────────────────────────────────────┐
│ Memory ▕░░░░░░░░░░░░░░░░░░░░░░░░░░░░▏ 0 B  Hit ▕░░░░░░░░░░░░░░░░░░░░░░░░░░░░░░░░▏ 0.0% │
│ v7.4.0 · 31 ops/s                                                             412 keys │
└────────────────────────────────────────────────────────────────────────────────────────┘
┌ Keys ─────────────────────────────────────┐┌ Value ────────────────────────────────────┐
│  Key             Type    TTL       Size   ││Select a key to inspect its value.         │
│▶ ▾ user (1)                               ││                                           │
│    1             string  2m 0s     128 B  ││                                           │
│                                           ││                                           │
│                                           ││                                           │
│                                           ││                                           │
│                                           ││                                           │
│                                           ││                                           │
│                                           ││                                           │
└───────────────────────────────────────────┘└───────────────────────────────────────────┘
┌ Details │ Console │ Monitor │ Keyspace │ Pub/Sub │ Tail ───────────────────────────────┐
│standalone · master · 120.3k cmds · 42 expired · 0 evicted                              │
│Ops/sec 31 · peak 31                            Clients (3)                             │
│    ▃▁▅█                                        web-1                 1m    get         │
│▁▂▄▇████                                        10.0.0.9:6210         5s    subscribe   │
│Keys 412                                        cron                  1h    client|list │
│▇▇▇▇▇▇▇█                                                                                │
└────────────────────────────────────────────────────────────────────────────────────────┘
  nav ↑↓ keys · [ ] db │ groups ⏎/Space collapse · z all │ view / filter · o sort name↑ ·
