---
source: src/ui.rs
expression: "render_lines(&mut app, 90, 24)"
---
 Keyhole   prod (db0)  · browser                               ● connected   12:34:56 UTC
 db 0 · match * · sort name ↑                                                      2 keys
┌ Server ────────────────────────────────────────────────────────────────────────────────┐
│ Loading server stats…                                                                  │
│                                                                                        │
└────────────────────────────────────────────────────────────────────────────────────────┘
┌ Keys ───────────────────────────────────┐┌ Value ──────────────────────────────────────┐
│  Key            Type   TTL      Size    ││loading…                                     │
│▶ ▾ session (1)                          ││                                             │
│    session:abc  hash   2m 0s    128 B   ││                                             │
└─────────────────────────────────────────┘└─────────────────────────────────────────────┘
┌ Console — prod (read-only) ────────────────────────────────────────────────────────────┐
│ Console │ Monitor │ Keyspace │ Pub/Sub │ Tail                                          │
│❯ INFO server                                                                           │
│redis_version:7.4.0                                                                     │
│uptime_in_seconds:42                                                                    │
│                                                                                        │
│❯ SET k v                                                                               │
│`SET` is not on the read-only allowlist                                                 │
│                                                                                        │
│                                                                                        │
│❯                                                                                       │
└────────────────────────────────────────────────────────────────────────────────────────┘
  nav ↑↓ keys · [ ] db │ groups ⏎/Space collapse · z all │ view / filter · o sort · O dir
