---
source: src/ui.rs
expression: "render_lines(&mut app, 90, 16)"
---
┌ Connections │ Recordings ──────────────────────────────────────────────────────────────┐
│                                                                                        │
│                                  No saved connections.                                 │
│                                                                                        │
│                   ┌ Settings ──────────────────────────────────────┐                   │
│                   │                                                │                   │
│                   │▶ Theme       ‹ dark ›                          │                   │
│                   │  Animations  ‹ slow ›                          │                   │
│                   │                                                │                   │
│                   │  ↑/↓ row · ←/→ change · Enter/Esc close        │                   │
│                   │                                                │                   │
│                   └────────────────────────────────────────────────┘                   │
│                                                                                        │
│                                                                                        │
└────────────────────────────────────────────────────────────────────────────────────────┘
  nav ↑↓ move │ conn Enter connect · a add │ tabs Tab recordings │ go b browser │ app : pa
