---
source: src/ui.rs
expression: "render_lines(&mut app, 90, 16)"
---
 no connection  · connections                                    ○ offline   12:34:56 UTC
┌ Connections │ Recordings ──────────────────────────────────────────────────────────────┐
│                                                                                        │
│                                  No saved connections.                                 │
│                                                                                        │
│                                  Press 'a' to add one.                                 │
│                                                                                        │
│                                                                                        │
│                                                                                        │
│                                                                                        │
│                                                                                        │
│                                                                                        │
│                                                                                        │
│                                                                                        │
└────────────────────────────────────────────────────────────────────────────────────────┘
  nav ↑↓ move │ conn Enter connect · a add │ tabs Tab recordings │ go b browser │ app ? he
