---
source: src/ui.rs
expression: "render_lines(&mut app, 90, 24)"
---
 Keyhole   prod (db0)  · browser                                             12:34:56 UTC
 db0  match=*  2 keys  sort:name↑
┌ Server ────────────────────────────────────────────────────────────────────────────────┐
│Loading server stats…                                                                   │
│                                                                                        │
└────────────────────────────────────────────────────────────────────────────────────────┘
┌ Keys ───────────────────────────────────┐┌ Value ──────────────────────────────────────┐
│  Key            Type   TTL      Size    ││loading…                                     │
│▶ ▾ session (1)                          ││                                             │
│    session:abc  hash   2m 0s    128 B   ││                                             │
│  ▾ user (1)                             ││                                             │
│    user:1       string 2m 0s    128 B   ││                                             │
│                                         ││                                             │
│                                         ││                                             │
│                                         ││                                             │
└─────────────────────────────────────────┘└─────────────────────────────────────────────┘
┌ Console — prod (read-only) ────────────────────────────────────────────────────────────┐
│                                                                                        │
│❯ SET k v                                                                               │
│`SET` is not on the read-only allowlist                                                 │
│                                                                                        │
│❯                                                                                       │
└────────────────────────────────────────────────────────────────────────────────────────┘
  nav ↑↓ keys · [ ] db │ groups ⏎/Space collapse · z all │ view / filter · o sort · O dir
