---
source: src/ui.rs
expression: "render_lines(&mut app, 90, 30)"
---
┌ Server  ● connected ───────────────────────────────────────────────────────────────────┐
│ prod · 127.0.0.1:6379 · db0                                                            │
└────────────────────────────────────────────────────────────────────────────────────────┘
┌ Keys ─────────────────────────────────────┐┌ Value ────────────────────────────────────┐
│  Key             Type    TTL       Size   ││Select a key to inspect its value.         │
│▶ ▾ user (1)                               ││                                           │
│    1             string  2m 0s     128 B  ││                                           │
│                                           ││                                           │
│                                           ││                                           │
│                                           ││                                           │
│                                           ││                                           │
│                                           ││                                           │
│                                           ││                                           │
│                                           ││                                           │
│                                           ││                                           │
│                                           ││                                           │
│                                           ││                                           │
│                                           ││                                           │
└───────────────────────────────────────────┘└───────────────────────────────────────────┘
┌ Details │ Console │ Monitor │ Keyspace │ Pub/Sub │ Tail ───────────────────────────────┐
│ v7.4.0 · up 1h 1m 1s · 7 clients · mem 1.0 MiB / 4.0 MiB · hit 90.0%                   │
│ standalone · master · 120.3k cmds · 42 expired · 0 evicted                             │
│                                                                                        │
│ Ops/sec 31 · peak 31                           Clients (3)                             │
│  ▁▂▃▅▄▆█                                       web-1                1m    get          │
│                                                10.0.0.9:6210        5s    subscribe    │
│ Keys 412                                       cron                 1h    client|list  │
│ ▇▇▇▇▇▇▇█                                                                               │
└────────────────────────────────────────────────────────────────────────────────────────┘
  nav ↑↓ keys · [ ] db │ groups ⏎/Space collapse · z all │ view / filter · o sort name↑ ·
