---
source: src/ui.rs
expression: "render_lines(&mut app, 90, 26)"
---
 Keyhole   prod (db0)  · browser                               ● connected   12:34:56 UTC
 db 0 · match * · sort name ↑                                                      1 keys
┌ Server ────────────────────────────────────────────────────────────────────────────────┐
│ Loading server stats…                                                                  │
│                                                                                        │
└────────────────────────────────────────────────────────────────────────────────────────┘
┌ Keys ───────────────────────────────────┐┌ Value ──────────────────────────────────────┐
│  Key            Type   TTL      Size    ││loading…                                     │
│▶ ▾ user (1)                             ││                                             │
│    user:1       string 2m 0s    128 B   ││                                             │
│                                         ││                                             │
│                                         ││                                             │
└─────────────────────────────────────────┘└─────────────────────────────────────────────┘
┌ keyspace:db0 ──────────────────────────────────────────────────────────────────────────┐
│ Console │ keyspace:db0                                                                 │
│ live · 0 events                                                                        │
│⚠ keyspace notifications are disabled (notify-keyspace-events is empty)                 │
│                                                                                        │
│waiting for events…                                                                     │
│                                                                                        │
│                                                                                        │
│                                                                                        │
│                                                                                        │
│                                                                                        │
└────────────────────────────────────────────────────────────────────────────────────────┘
  nav ↑↓ keys · [ ] db │ groups ⏎/Space collapse · z all │ view / filter · o sort · O dir
